Return the identity key for the specified service

Usage: arti keys [OPTIONS] <COMMAND>

Commands:
  list            List keys and certificates
  list-keystores  List keystores
  help            Print this message or the help of the given subcommand(s)

Options:
  -c, --config <FILE>                 Specify which config file(s) to read. Defaults to [File("[..]"), Dir("[..]")]
  -o <KEY=VALUE>                      Override config file parameters, using TOML-like syntax.
  -l, --log-level <LEVEL>             Override the log level (usually one of 'trace', 'debug', 'info', 'warn', 'error').
      --disable-fs-permission-checks  Don't check permissions on the files we use.
  -h, --help                          Print help
